[18:49:11] [main/INFO] (FabricLoader/GameProvider) Loading Minecraft 1.21.1 with Fabric Loader 0.16.0
[18:49:11] [main/INFO] (FabricLoader) Loading 7 mods:
	- ametium-addon 1.21.1
	- fabric-resource-loader-v0 1.3.0+565991296a
	- fabricloader 0.16.0
	- java 21
	- meteor-client 0.5.8
	- minecraft 1.21.1
	- mixinextras 0.3.5
[18:49:11] [main/INFO] (FabricLoader/Mixin) SpongePowered MIXIN Subsystem Version=0.8.5 Source=file:/Users/carlos/.gradle/caches/modules-2/files-2.1/net.fabricmc/sponge-mixin/0.13.3+mixin.0.8.5/9527e6b0d2449408958fd1302594dc65ec5ade9c/sponge-mixin-0.13.3+mixin.0.8.5.jar Service=Knot/Fabric Env=CLIENT
[18:49:12] [main/INFO] (FabricLoader/Mixin) Loaded Fabric development mappings for mixin remapper!
[18:49:12] [main/INFO] (FabricLoader/Mixin) Compatibility level set to JAVA_21
[18:49:12] [main/WARN] (FabricLoader/Mixin) Error loading class: baritone/command/defaults/ComeCommand (java.lang.ClassNotFoundException: baritone/command/defaults/ComeCommand)
[18:49:12] [main/WARN] (FabricLoader/Mixin) @Mixin target baritone.command.defaults.ComeCommand was not found meteor-client-baritone.mixins.json:ComeCommandMixin from mod meteor-client
[18:49:12] [main/INFO] (FabricLoader/MixinExtras|Service) Initializing MixinExtras via com.llamalad7.mixinextras.service.MixinExtrasServiceImpl(version=0.3.5).
[18:49:13] [Datafixer Bootstrap/INFO] (Minecraft) 226 Datafixer optimizations took 257 milliseconds
[18:49:17] [Render thread/INFO] (Minecraft) Environment: Environment[sessionHost=https://sessionserver.mojang.com, servicesHost=https://api.minecraftservices.com, name=PROD]
[18:49:17] [Render thread/INFO] (Minecraft) Setting user: Player523
[18:49:17] [Render thread/INFO] (Minecraft) Backend library: LWJGL version 3.3.3-snapshot
[18:49:19] [Render thread/INFO] (Minecraft) Reloading ResourceManager: vanilla, fabric, ametium-addon, fabric-resource-loader-v0, fabricloader, meteor-client
[18:49:19] [Render thread/INFO] (Meteor Client) Initializing Meteor Client
[18:49:19] [Worker-Main-7/INFO] (Minecraft) Found unifont_all_no_pua-15.1.05.hex, loading
[18:49:19] [Worker-Main-9/INFO] (Minecraft) Found unifont_jp_patch-15.1.05.hex, loading
[18:49:19] [Render thread/INFO] (Reflections) Reflections took 201 ms to scan 1 urls, producing 24 keys and 959 values
[18:49:19] [Render thread/INFO] (Reflections) Reflections took 10 ms to scan 1 urls, producing 7 keys and 39 values
[18:49:20] [Render thread/WARN] (Meteor Client) Failed to load system font .SF NS Mono Regular (/System/Library/Fonts/SFNSMonoItalic.ttf)
[18:49:20] [Render thread/WARN] (Meteor Client) Failed to load system font .New York Regular (/System/Library/Fonts/NewYorkItalic.ttf)
[18:49:20] [Render thread/WARN] (Meteor Client) Failed to load system font .SF Compact Regular (/System/Library/Fonts/SFCompactItalic.ttf)
[18:49:20] [Render thread/WARN] (Meteor Client) Failed to load system font System Font Regular (/System/Library/Fonts/SFNSItalic.ttf)
[18:49:20] [Render thread/INFO] (Meteor Client) Found 146 font families.
[18:49:20] [Render thread/INFO] (Meteor Client) Path Manager: none
[18:49:20] [Render thread/INFO] (AmetiumAddon) Initializing Ametium Addon
[18:49:20] [Render thread/INFO] (Meteor Client) Loading
[18:49:20] [Render thread/INFO] (Meteor Client) Loaded in 35 milliseconds
[18:49:21] [Render thread/WARN] (Minecraft) Missing sound for event: minecraft:item.goat_horn.play
[18:49:21] [Render thread/WARN] (Minecraft) Missing sound for event: minecraft:entity.goat.screaming.horn_break
[18:49:21] [Render thread/INFO] (Minecraft) OpenAL initialized on device Bocinas de MacBook Pro
[18:49:21] [Render thread/INFO] (Minecraft) Sound engine started
[18:49:21] [Render thread/INFO] (Minecraft) Created: 1024x512x4 minecraft:textures/atlas/blocks.png-atlas
[18:49:21] [Render thread/INFO] (Minecraft) Created: 256x256x4 minecraft:textures/atlas/signs.png-atlas
[18:49:21] [Render thread/INFO] (Minecraft) Created: 512x512x4 minecraft:textures/atlas/shield_patterns.png-atlas
[18:49:21] [Render thread/INFO] (Minecraft) Created: 512x512x4 minecraft:textures/atlas/banner_patterns.png-atlas
[18:49:21] [Render thread/INFO] (Minecraft) Created: 1024x1024x4 minecraft:textures/atlas/armor_trims.png-atlas
[18:49:21] [Render thread/INFO] (Minecraft) Created: 256x256x4 minecraft:textures/atlas/chest.png-atlas
[18:49:21] [Render thread/INFO] (Minecraft) Created: 128x64x4 minecraft:textures/atlas/decorated_pot.png-atlas
[18:49:21] [Render thread/INFO] (Minecraft) Created: 512x256x4 minecraft:textures/atlas/shulker_boxes.png-atlas
[18:49:21] [Render thread/INFO] (Minecraft) Created: 512x256x4 minecraft:textures/atlas/beds.png-atlas
[18:49:21] [Render thread/INFO] (Minecraft) Created: 512x256x0 minecraft:textures/atlas/particles.png-atlas
[18:49:21] [Render thread/INFO] (Minecraft) Created: 512x256x0 minecraft:textures/atlas/paintings.png-atlas
[18:49:21] [Render thread/INFO] (Minecraft) Created: 256x128x0 minecraft:textures/atlas/mob_effects.png-atlas
[18:49:21] [Render thread/INFO] (Minecraft) Created: 64x64x0 minecraft:textures/atlas/map_decorations.png-atlas
[18:49:21] [Render thread/INFO] (Minecraft) Created: 1024x512x0 minecraft:textures/atlas/gui.png-atlas
[18:49:21] [Render thread/WARN] (Minecraft) Shader rendertype_entity_translucent_emissive could not find sampler named Sampler2 in the specified shader program.
[18:49:23] [Render thread/INFO] (Meteor Client) Checking latest version of Meteor Client
[18:49:42] [Render thread/INFO] (Minecraft) Stopping!
[18:49:42] [Thread-7/INFO] (Meteor Client) Saving
